// Jest Snapshot v1, https://goo.gl/fbAQLP

exports[`MakeReservationForm should match the snapshot 1`] = `
<div
  className="res-form"
>
  <input
    id="name"
    name="name"
    onChange={[Function]}
    placeholder="Name"
  />
  <input
    id="date"
    name="date"
    onChange={[Function]}
    placeholder="date"
    type="date"
  />
  <input
    id="time"
    name="time"
    onChange={[Function]}
    placeholder="time"
    type="time"
  />
  <input
    id="guestNumber"
    name="guestNumber"
    onChange={[Function]}
    placeholder="Number of Guests"
    type="number"
  />
  <button
    onClick={[Function]}
  >
    Make Reservation
  </button>
</div>
`;
